\BOOKMARK [1][-]{section.1}{\376\377\000I\000n\000t\000r\000o\000d\000u\000c\000c\000i\000\363\000n}{}% 1
\BOOKMARK [1][-]{section.2}{\376\377\000T\000r\000a\000b\000a\000j\000o\000s\000\040\000r\000e\000l\000a\000c\000i\000o\000n\000a\000d\000o\000s}{}% 2
\BOOKMARK [2][-]{subsection.2.1}{\376\377\000P\000l\000a\000n\000i\000f\000i\000c\000a\000c\000i\000\363\000n\000\040\000c\000l\000\341\000s\000i\000c\000a\000\040\000d\000e\000\040\000r\000u\000t\000a\000s}{section.2}% 3
\BOOKMARK [2][-]{subsection.2.2}{\376\377\000R\000L\000\040\000t\000a\000b\000u\000l\000a\000r\000\040\000s\000o\000b\000r\000e\000\040\000g\000r\000i\000l\000l\000a\000s}{section.2}% 4
\BOOKMARK [2][-]{subsection.2.3}{\376\377\000M\000\351\000t\000o\000d\000o\000s\000\040\000p\000r\000o\000f\000u\000n\000d\000o\000s\000\040\000b\000a\000s\000a\000d\000o\000s\000\040\000e\000n\000\040\000v\000a\000l\000o\000r}{section.2}% 5
\BOOKMARK [2][-]{subsection.2.4}{\376\377\000M\000\351\000t\000o\000d\000o\000s\000\040\000b\000a\000s\000a\000d\000o\000s\000\040\000e\000n\000\040\000p\000o\000l\000\355\000t\000i\000c\000a}{section.2}% 6
\BOOKMARK [2][-]{subsection.2.5}{\376\377\000D\000i\000s\000e\000\361\000o\000\040\000d\000e\000\040\000l\000a\000\040\000r\000e\000c\000o\000m\000p\000e\000n\000s\000a}{section.2}% 7
\BOOKMARK [2][-]{subsection.2.6}{\376\377\000P\000o\000l\000\355\000t\000i\000c\000a\000s\000\040\000c\000o\000n\000d\000i\000c\000i\000o\000n\000a\000d\000a\000s\000\040\000a\000\040\000l\000a\000\040\000m\000e\000t\000a}{section.2}% 8
\BOOKMARK [2][-]{subsection.2.7}{\376\377\000R\000e\000s\000u\000m\000e\000n\000\040\000d\000e\000l\000\040\000a\000p\000o\000r\000t\000e}{section.2}% 9
\BOOKMARK [1][-]{section.3}{\376\377\000M\000a\000r\000c\000o\000\040\000t\000e\000\363\000r\000i\000c\000o}{}% 10
\BOOKMARK [2][-]{subsection.3.1}{\376\377\000M\000D\000P\000\040\000y\000\040\000Q\000-\000l\000e\000a\000r\000n\000i\000n\000g}{section.3}% 11
\BOOKMARK [2][-]{subsection.3.2}{\376\377\000D\000e\000e\000p\000\040\000Q\000-\000N\000e\000t\000w\000o\000r\000k\000\040\000\050\000D\000Q\000N\000\051}{section.3}% 12
\BOOKMARK [2][-]{subsection.3.3}{\376\377\000D\000o\000u\000b\000l\000e\000\040\000D\000Q\000N}{section.3}% 13
\BOOKMARK [2][-]{subsection.3.4}{\376\377\000R\000E\000I\000N\000F\000O\000R\000C\000E\000\040\000\050\000g\000r\000a\000d\000i\000e\000n\000t\000e\000\040\000d\000e\000\040\000p\000o\000l\000\355\000t\000i\000c\000a\000\051}{section.3}% 14
\BOOKMARK [2][-]{subsection.3.5}{\376\377\000R\000e\000w\000a\000r\000d\000\040\000s\000h\000a\000p\000i\000n\000g}{section.3}% 15
\BOOKMARK [1][-]{section.4}{\376\377\000M\000e\000t\000o\000d\000o\000l\000o\000g\000\355\000a}{}% 16
\BOOKMARK [2][-]{subsection.4.1}{\376\377\000E\000l\000\040\000t\000e\000r\000r\000e\000n\000o\000\040\000y\000\040\000e\000l\000\040\000M\000D\000P}{section.4}% 17
\BOOKMARK [2][-]{subsection.4.2}{\376\377\000O\000b\000s\000e\000r\000v\000a\000c\000i\000\363\000n\000\040\000l\000o\000c\000a\000l}{section.4}% 18
\BOOKMARK [2][-]{subsection.4.3}{\376\377\000M\000e\000t\000a\000\040\000f\000i\000j\000a\000\040\000c\000o\000n\000\040\000i\000n\000i\000c\000i\000o\000\040\000a\000l\000e\000a\000t\000o\000r\000i\000o}{section.4}% 19
\BOOKMARK [2][-]{subsection.4.4}{\376\377\000R\000e\000w\000a\000r\000d\000\040\000s\000h\000a\000p\000i\000n\000g\000\040\000d\000e\000\040\000p\000r\000o\000g\000r\000e\000s\000o}{section.4}% 20
\BOOKMARK [2][-]{subsection.4.5}{\376\377\000A\000r\000q\000u\000i\000t\000e\000c\000t\000u\000r\000a\000\040\000e\000\040\000h\000i\000p\000e\000r\000p\000a\000r\000\341\000m\000e\000t\000r\000o\000s}{section.4}% 21
\BOOKMARK [1][-]{section.5}{\376\377\000I\000m\000p\000l\000e\000m\000e\000n\000t\000a\000c\000i\000\363\000n}{}% 22
\BOOKMARK [2][-]{subsection.5.1}{\376\377\000L\000i\000b\000r\000e\000r\000\355\000a\000s\000\040\000y\000\040\000o\000r\000g\000a\000n\000i\000z\000a\000c\000i\000\363\000n\000\040\000d\000e\000l\000\040\000c\000\363\000d\000i\000g\000o}{section.5}% 23
\BOOKMARK [2][-]{subsection.5.2}{\376\377\000P\000r\000o\000c\000e\000d\000i\000m\000i\000e\000n\000t\000o\000\040\000p\000a\000s\000o\000\040\000a\000\040\000p\000a\000s\000o}{section.5}% 24
\BOOKMARK [2][-]{subsection.5.3}{\376\377\000H\000i\000p\000e\000r\000p\000a\000r\000\341\000m\000e\000t\000r\000o\000s}{section.5}% 25
\BOOKMARK [2][-]{subsection.5.4}{\376\377\000R\000e\000p\000r\000o\000d\000u\000c\000i\000b\000i\000l\000i\000d\000a\000d}{section.5}% 26
\BOOKMARK [1][-]{section.6}{\376\377\000E\000x\000p\000e\000r\000i\000m\000e\000n\000t\000o\000s\000\040\000y\000\040\000r\000e\000s\000u\000l\000t\000a\000d\000o\000s}{}% 27
\BOOKMARK [2][-]{subsection.6.1}{\376\377\000C\000o\000n\000f\000i\000g\000u\000r\000a\000c\000i\000\363\000n}{section.6}% 28
\BOOKMARK [2][-]{subsection.6.2}{\376\377\000D\000Q\000N\000\040\000c\000o\000n\000\040\000m\000e\000t\000a\000\040\000f\000i\000j\000a}{section.6}% 29
\BOOKMARK [2][-]{subsection.6.3}{\376\377\000A\000b\000l\000a\000c\000i\000o\000n\000e\000s}{section.6}% 30
\BOOKMARK [2][-]{subsection.6.4}{\376\377\000T\000r\000a\000n\000s\000i\000c\000i\000\363\000n\000\040\000e\000s\000t\000o\000c\000\341\000s\000t\000i\000c\000a}{section.6}% 31
\BOOKMARK [2][-]{subsection.6.5}{\376\377\000V\000a\000l\000o\000r\000\040\000v\000s\000\040\000p\000o\000l\000\355\000t\000i\000c\000a\000:\000\040\000D\000Q\000N\000\040\000y\000\040\000R\000E\000I\000N\000F\000O\000R\000C\000E}{section.6}% 32
\BOOKMARK [2][-]{subsection.6.6}{\376\377\000D\000i\000v\000e\000r\000g\000e\000n\000c\000i\000a\000\040\000c\000o\000n\000\040\000m\000e\000t\000a\000\040\000a\000l\000e\000a\000t\000o\000r\000i\000a}{section.6}% 33
\BOOKMARK [1][-]{section.7}{\376\377\000D\000i\000s\000c\000u\000s\000i\000\363\000n}{}% 34
\BOOKMARK [2][-]{subsection.7.1}{\376\377\000L\000a\000\040\000t\000r\000a\000m\000p\000a\000\040\000d\000e\000l\000\040\000s\000h\000a\000p\000i\000n\000g\000\040\000p\000o\000t\000e\000n\000c\000i\000a\000l}{section.7}% 35
\BOOKMARK [2][-]{subsection.7.2}{\376\377\000D\000i\000v\000e\000r\000g\000e\000n\000c\000i\000a\000\040\000y\000\040\000l\000a\000\040\000e\000l\000e\000c\000c\000i\000\363\000n\000\040\000d\000e\000\040\000m\000e\000t\000a\000\040\000f\000i\000j\000a}{section.7}% 36
\BOOKMARK [2][-]{subsection.7.3}{\376\377\000L\000i\000m\000i\000t\000a\000c\000i\000\363\000n\000:\000\040\000p\000o\000l\000\355\000t\000i\000c\000a\000\040\000s\000i\000n\000g\000l\000e\000-\000g\000o\000a\000l}{section.7}% 37
\BOOKMARK [1][-]{section.8}{\376\377\000C\000o\000n\000c\000l\000u\000s\000i\000o\000n\000e\000s\000\040\000y\000\040\000t\000r\000a\000b\000a\000j\000o\000\040\000f\000u\000t\000u\000r\000o}{}% 38
\BOOKMARK [1][-]{section*.1}{\376\377\000R\000e\000f\000e\000r\000e\000n\000c\000i\000a\000s}{}% 39
